// Jest Snapshot v1, https://goo.gl/fbAQLP

exports[`Test GifItem should match snapshot 1`] = `
<div>
  <div
    class="card"
  >
    <img
      alt="[object Object]"
      src="https://www.google.com"
    />
    <p>
      Test
    </p>
  </div>
</div>
`;
